I'm sorry, but errors were detected in your script. Please correct the
errors listed below, and try again.


File "game/script.rpy", line 7: invalid syntax
    Character("Князь Ігор" color = "4f1733")
                            ^

File "game/script.rpy", line 9: invalid syntax
    Character("Князь Мал" color ="666666")
                           ^

Ren'Py Version: Ren'Py 8.3.7.25031702
Thu May  8 01:14:45 2025
